// Jest Snapshot v1, https://goo.gl/fbAQLP

exports[`Test for the home page Home Page rendering correct 1`] = `
{
  "asFragment": [Function],
  "baseElement": <body>
    <div>
      <div>
        <input
          placeholder="Type here..."
          type="text"
          value=""
        />
      </div>
      <h3>
        Top 50 Crypto Currencies
      </h3>
      <div>
        <div>
          <h3>
            Crypto Not Found
          </h3>
          <img
            alt="Image404Error"
            src=""
          />
        </div>
      </div>
    </div>
  </body>,
  "container": <div>
    <div>
      <input
        placeholder="Type here..."
        type="text"
        value=""
      />
    </div>
    <h3>
      Top 50 Crypto Currencies
    </h3>
    <div>
      <div>
        <h3>
          Crypto Not Found
        </h3>
        <img
          alt="Image404Error"
          src=""
        />
      </div>
    </div>
  </div>,
  "debug": [Function],
  "findAllByAltText": [Function],
  "findAllByDisplayValue": [Function],
  "findAllByLabelText": [Function],
  "findAllByPlaceholderText": [Function],
  "findAllByRole": [Function],
  "findAllByTestId": [Function],
  "findAllByText": [Function],
  "findAllByTitle": [Function],
  "findByAltText": [Function],
  "findByDisplayValue": [Function],
  "findByLabelText": [Function],
  "findByPlaceholderText": [Function],
  "findByRole": [Function],
  "findByTestId": [Function],
  "findByText": [Function],
  "findByTitle": [Function],
  "getAllByAltText": [Function],
  "getAllByDisplayValue": [Function],
  "getAllByLabelText": [Function],
  "getAllByPlaceholderText": [Function],
  "getAllByRole": [Function],
  "getAllByTestId": [Function],
  "getAllByText": [Function],
  "getAllByTitle": [Function],
  "getByAltText": [Function],
  "getByDisplayValue": [Function],
  "getByLabelText": [Function],
  "getByPlaceholderText": [Function],
  "getByRole": [Function],
  "getByTestId": [Function],
  "getByText": [Function],
  "getByTitle": [Function],
  "queryAllByAltText": [Function],
  "queryAllByDisplayValue": [Function],
  "queryAllByLabelText": [Function],
  "queryAllByPlaceholderText": [Function],
  "queryAllByRole": [Function],
  "queryAllByTestId": [Function],
  "queryAllByText": [Function],
  "queryAllByTitle": [Function],
  "queryByAltText": [Function],
  "queryByDisplayValue": [Function],
  "queryByLabelText": [Function],
  "queryByPlaceholderText": [Function],
  "queryByRole": [Function],
  "queryByTestId": [Function],
  "queryByText": [Function],
  "queryByTitle": [Function],
  "rerender": [Function],
  "unmount": [Function],
}
`;
